// Jest Snapshot v1, https://goo.gl/fbAQLP

exports[`Home snapshots 1`] = `
<View>
  <View
    style={
      {
        "alignItems": "center",
        "height": "70%",
        "justifyContent": "center",
        "textAlign": "center",
      }
    }
  >
    <Text
      style={
        {
          "fontSize": 25,
          "fontWeight": "bold",
        }
      }
    >
      Data is loading...
    </Text>
  </View>
  <RCTScrollView>
    <View>
      <View
        style={
          {
            "alignItems": "center",
            "flex": 1,
            "justifyContent": "center",
            "textAlign": "center",
          }
        }
      >
        <Text
          style={
            {
              "fontSize": 20,
              "fontWeight": "bold",
              "padding": 10,
            }
          }
        >
          Pokeman Store
        </Text>
        <Text
          style={
            {
              "fontSize": 16,
              "fontWeight": "400",
              "padding": 10,
            }
          }
        >
          This is Pokeman app to to get the data of pokeman
        </Text>
      </View>
      <View
        style={
          {
            "width": "100%",
          }
        }
      />
    </View>
  </RCTScrollView>
</View>
`;
